// Jest Snapshot v1, https://goo.gl/fbAQLP

exports[`Header renders correctly 1`] = `
<header
  style={
    Object {
      "background": "cyan",
      "marginBottom": "1.45rem",
    }
  }
>
  <div
    style={
      Object {
        "margin": "0 auto",
        "maxWidth": 960,
        "padding": "1.45rem 1.0875rem",
      }
    }
  >
    <h1
      style={
        Object {
          "margin": 0,
        }
      }
    >
      <a
        href="/"
        style={
          Object {
            "color": "black",
            "textDecoration": "none",
          }
        }
      >
        <img
          alt="Gatsby Logo"
          style={
            Object {
              "width": "100px",
            }
          }
        />
        Default Starter
      </a>
    </h1>
  </div>
</header>
`;
