// Jest Snapshot v1, https://goo.gl/fbAQLP

exports[`Footer renders correctly 1`] = `
<footer
  style={
    Object {
      "marginTop": "1.45rem",
    }
  }
>
  <div
    style={
      Object {
        "margin": "0 auto",
        "padding": "1.45rem 1.0875rem",
      }
    }
  >
    <p
      style={
        Object {
          "textAlign": "center",
          "verticalAlign": "bottom",
        }
      }
    >
      Â©
       
      2020
      , Built with
       
      <a
        href="https://www.gatsbyjs.org"
      >
        Gatsby
      </a>
    </p>
  </div>
</footer>
`;
