// Jest Snapshot v1, https://goo.gl/fbAQLP

exports[`Header renders correctly 1`] = `
<div
  className="header"
  role="banner"
>
  <a
    className="header__link"
    href="/"
  >
    Default Starter
  </a>
  <div
    className="menu__section"
    role="navigation"
  >
    <ul
      className="menu"
    >
      <li>
        <a
          className="menu__item"
          href="/"
        >
          home
        </a>
      </li>
      <li>
        <a
          className="menu__item"
          href="/about"
        >
          about
        </a>
      </li>
      <li>
        <a
          className="menu__item"
          href="/posts"
        >
          posts
        </a>
      </li>
      <li>
        <a
          className="menu__item"
          href="/contact"
        >
          contact
        </a>
      </li>
    </ul>
  </div>
</div>
`;
